
> gowildtours@0.1.0 build
> next build

Γû▓ Next.js 16.1.6 (Turbopack)
- Environments: .env

  Creating an optimized production build ...
Γ£ô Compiled successfully in 10.6s
  Running TypeScript ...
  Collecting page data using 7 workers ...
prisma:warn In production, we recommend using `prisma generate --no-engine` (See: `prisma generate --help`)
prisma:warn In production, we recommend using `prisma generate --no-engine` (See: `prisma generate --help`)
prisma:warn In production, we recommend using `prisma generate --no-engine` (See: `prisma generate --help`)
prisma:warn In production, we recommend using `prisma generate --no-engine` (See: `prisma generate --help`)
  Generating static pages using 7 workers (0/31) ...
  Generating static pages using 7 workers (7/31) 
  Generating static pages using 7 workers (15/31) 
  Generating static pages using 7 workers (23/31) 
Γ£ô Generating static pages using 7 workers (31/31) in 4.8s
  Finalizing page optimization ...

Route (app)
Γöî Γùï /
Γö£ Γùï /_not-found
Γö£ Γùï /about
Γö£ Γùï /activities
Γö£ ╞Æ /activities/[slug]
Γö£ ╞Æ /api/bookings
Γö£ ╞Æ /api/contact
Γö£ ╞Æ /api/newsletter
Γö£ ╞Æ /api/reviews
Γö£ Γùï /contact
Γö£ Γùï /gallery
Γö£ Γùï /hotels
Γö£ ╞Æ /hotels/[slug]
Γö£ Γùï /packages
Γö£ ΓùÅ /packages/[slug]
Γöé Γö£ /packages/victoria-falls-express
Γöé Γö£ /packages/hwange-safari-adventure
Γöé Γö£ /packages/mana-pools-walking-safari
Γöé Γöö [+12 more paths]
Γö£ Γùï /robots.txt
Γöö Γùï /sitemap.xml


Γùï  (Static)   prerendered as static content
ΓùÅ  (SSG)      prerendered as static HTML (uses generateStaticParams)
╞Æ  (Dynamic)  server-rendered on demand

